[2025-10-18 07:34:23] local.ERROR: SQLSTATE[HY000]: General error: 1 table "services" has more than one primary key (Connection: sqlite, SQL: create table "services" ("id" integer primary key autoincrement not null, "name" varchar not null, "code" varchar not null, "carrier_id" integer not null, "account_number" varchar, "type" varchar, "from_weight" numeric, "to_weight" numeric, "weight_type" integer not null default '1', "supplier" varchar, "service_type" varchar check ("service_type" in ('D', 'C', 'B', 'DO')) not null default 'D', "drop_off_service_id" integer, "description" text, "fuel_surcharge_cost" numeric, "fuel_surcharge" numeric not null, "fuel_surcharge_type" varchar not null, "max_length" numeric not null, "max_width" numeric not null, "max_height" numeric not null, "max_volumetric_weight" numeric, "volumetric_denominator" integer not null default '5000', "send_data_courier" integer not null default '0', "is_document" tinyint(1) not null default '0', "friday_only_flag" tinyint(1), "saturday_only_flag" tinyint(1) not null default '0', "sunday_only_flag" tinyint(1) not null default '0', "product_owner" integer, "active" tinyint(1) not null default '1', "deletedq" tinyint(1) not null default '0', "added_on" datetime, "added_by" varchar, "changed_on" datetime, "changed_by" varchar, "uploaded_currency" varchar, "uploaded_currency_value" numeric, "registration_fee" numeric not null default '0', "weight_after" numeric not null default '0', "additional_charge" numeric not null default '0', "origin_country" integer not null default '255', "is_untrack" tinyint(1) not null default '0', "account_owner" integer, "remotearea" varchar check ("remotearea" in ('ON_WEIGHT', 'ON_PIECE')) not null default 'ON_PIECE', "carrier_address_limit" integer primary key autoincrement not null default '30', "label_class_name" varchar, "transit_time" integer primary key autoincrement, "required_email" tinyint(1) not null default '0', "required_telephone" tinyint(1) not null default '0', "shipment_type" varchar check ("shipment_type" in ('LETTER', 'PARCEL')) not null default 'PARCEL', "pre_sort" varchar check ("pre_sort" in ('YES', 'NO')) not null default 'NO', "proforma_invoice" tinyint(1) not null default '0', "created_at" datetime, "updated_at" datetime, foreign key("carrier_id") references "carriers"("id") on delete cascade)) {"exception":"[object] (Illuminate\\Database\\QueryException(code: HY000): SQLSTATE[HY000]: General error: 1 table \"services\" has more than one primary key (Connection: sqlite, SQL: create table \"services\" (\"id\" integer primary key autoincrement not null, \"name\" varchar not null, \"code\" varchar not null, \"carrier_id\" integer not null, \"account_number\" varchar, \"type\" varchar, \"from_weight\" numeric, \"to_weight\" numeric, \"weight_type\" integer not null default '1', \"supplier\" varchar, \"service_type\" varchar check (\"service_type\" in ('D', 'C', 'B', 'DO')) not null default 'D', \"drop_off_service_id\" integer, \"description\" text, \"fuel_surcharge_cost\" numeric, \"fuel_surcharge\" numeric not null, \"fuel_surcharge_type\" varchar not null, \"max_length\" numeric not null, \"max_width\" numeric not null, \"max_height\" numeric not null, \"max_volumetric_weight\" numeric, \"volumetric_denominator\" integer not null default '5000', \"send_data_courier\" integer not null default '0', \"is_document\" tinyint(1) not null default '0', \"friday_only_flag\" tinyint(1), \"saturday_only_flag\" tinyint(1) not null default '0', \"sunday_only_flag\" tinyint(1) not null default '0', \"product_owner\" integer, \"active\" tinyint(1) not null default '1', \"deletedq\" tinyint(1) not null default '0', \"added_on\" datetime, \"added_by\" varchar, \"changed_on\" datetime, \"changed_by\" varchar, \"uploaded_currency\" varchar, \"uploaded_currency_value\" numeric, \"registration_fee\" numeric not null default '0', \"weight_after\" numeric not null default '0', \"additional_charge\" numeric not null default '0', \"origin_country\" integer not null default '255', \"is_untrack\" tinyint(1) not null default '0', \"account_owner\" integer, \"remotearea\" varchar check (\"remotearea\" in ('ON_WEIGHT', 'ON_PIECE')) not null default 'ON_PIECE', \"carrier_address_limit\" integer primary key autoincrement not null default '30', \"label_class_name\" varchar, \"transit_time\" integer primary key autoincrement, \"required_email\" tinyint(1) not null default '0', \"required_telephone\" tinyint(1) not null default '0', \"shipment_type\" varchar check (\"shipment_type\" in ('LETTER', 'PARCEL')) not null default 'PARCEL', \"pre_sort\" varchar check (\"pre_sort\" in ('YES', 'NO')) not null default 'NO', \"proforma_invoice\" tinyint(1) not null default '0', \"created_at\" datetime, \"updated_at\" datetime, foreign key(\"carrier_id\") references \"carriers\"(\"id\") on delete cascade)) at C:\\daakia\\dakia_backend01\\vendor\\laravel\\framework\\src\\Illuminate\\Database\\Connection.php:822)
[stacktrace]
#0 C:\\daakia\\dakia_backend01\\vendor\\laravel\\framework\\src\\Illuminate\\Database\\Connection.php(776): Illuminate\\Database\\Connection->runQueryCallback('create table \"s...', Array, Object(Closure))
#1 C:\\daakia\\dakia_backend01\\vendor\\laravel\\framework\\src\\Illuminate\\Database\\Connection.php(557): Illuminate\\Database\\Connection->run('create table \"s...', Array, Object(Closure))
#2 C:\\daakia\\dakia_backend01\\vendor\\laravel\\framework\\src\\Illuminate\\Database\\Schema\\Blueprint.php(119): Illuminate\\Database\\Connection->statement('create table \"s...')
#3 C:\\daakia\\dakia_backend01\\vendor\\laravel\\framework\\src\\Illuminate\\Database\\Schema\\Builder.php(618): Illuminate\\Database\\Schema\\Blueprint->build()
#4 C:\\daakia\\dakia_backend01\\vendor\\laravel\\framework\\src\\Illuminate\\Database\\Schema\\Builder.php(472): Illuminate\\Database\\Schema\\Builder->build(Object(Illuminate\\Database\\Schema\\Blueprint))
#5 C:\\daakia\\dakia_backend01\\vendor\\laravel\\framework\\src\\Illuminate\\Support\\Facades\\Facade.php(361): Illuminate\\Database\\Schema\\Builder->create('services', Object(Closure))
#6 C:\\daakia\\dakia_backend01\\database\\migrations\\2025_10_18_073227_create_services_table.php(14): Illuminate\\Support\\Facades\\Facade::__callStatic('create', Array)
#7 C:\\daakia\\dakia_backend01\\vendor\\laravel\\framework\\src\\Illuminate\\Database\\Migrations\\Migrator.php(514): Illuminate\\Database\\Migrations\\Migration@anonymous->up()
#8 C:\\daakia\\dakia_backend01\\vendor\\laravel\\framework\\src\\Illuminate\\Database\\Migrations\\Migrator.php(439): Illuminate\\Database\\Migrations\\Migrator->runMethod(Object(Illuminate\\Database\\SQLiteConnection), Object(Illuminate\\Database\\Migrations\\Migration@anonymous), 'up')
#9 C:\\daakia\\dakia_backend01\\vendor\\laravel\\framework\\src\\Illuminate\\Database\\Migrations\\Migrator.php(448): Illuminate\\Database\\Migrations\\Migrator->Illuminate\\Database\\Migrations\\{closure}()
#10 C:\\daakia\\dakia_backend01\\vendor\\laravel\\framework\\src\\Illuminate\\Database\\Migrations\\Migrator.php(250): Illuminate\\Database\\Migrations\\Migrator->runMigration(Object(Illuminate\\Database\\Migrations\\Migration@anonymous), 'up')
#11 C:\\daakia\\dakia_backend01\\vendor\\laravel\\framework\\src\\Illuminate\\Console\\View\\Components\\Task.php(41): Illuminate\\Database\\Migrations\\Migrator->Illuminate\\Database\\Migrations\\{closure}()
#12 C:\\daakia\\dakia_backend01\\vendor\\laravel\\framework\\src\\Illuminate\\Database\\Migrations\\Migrator.php(805): Illuminate\\Console\\View\\Components\\Task->render('2025_10_18_0732...', Object(Closure))
#13 C:\\daakia\\dakia_backend01\\vendor\\laravel\\framework\\src\\Illuminate\\Database\\Migrations\\Migrator.php(250): Illuminate\\Database\\Migrations\\Migrator->write('Illuminate\\\\Cons...', '2025_10_18_0732...', Object(Closure))
#14 C:\\daakia\\dakia_backend01\\vendor\\laravel\\framework\\src\\Illuminate\\Database\\Migrations\\Migrator.php(210): Illuminate\\Database\\Migrations\\Migrator->runUp('C:\\\\daakia\\\\dakia...', 2, false)
#15 C:\\daakia\\dakia_backend01\\vendor\\laravel\\framework\\src\\Illuminate\\Database\\Migrations\\Migrator.php(137): Illuminate\\Database\\Migrations\\Migrator->runPending(Array, Array)
#16 C:\\daakia\\dakia_backend01\\vendor\\laravel\\framework\\src\\Illuminate\\Database\\Console\\Migrations\\MigrateCommand.php(116): Illuminate\\Database\\Migrations\\Migrator->run(Array, Array)
#17 C:\\daakia\\dakia_backend01\\vendor\\laravel\\framework\\src\\Illuminate\\Database\\Migrations\\Migrator.php(665): Illuminate\\Database\\Console\\Migrations\\MigrateCommand->Illuminate\\Database\\Console\\Migrations\\{closure}()
#18 C:\\daakia\\dakia_backend01\\vendor\\laravel\\framework\\src\\Illuminate\\Database\\Console\\Migrations\\MigrateCommand.php(109): Illuminate\\Database\\Migrations\\Migrator->usingConnection(NULL, Object(Closure))
#19 C:\\daakia\\dakia_backend01\\vendor\\laravel\\framework\\src\\Illuminate\\Database\\Console\\Migrations\\MigrateCommand.php(88): Illuminate\\Database\\Console\\Migrations\\MigrateCommand->runMigrations()
#20 C:\\daakia\\dakia_backend01\\vendor\\laravel\\framework\\src\\Illuminate\\Container\\BoundMethod.php(36): Illuminate\\Database\\Console\\Migrations\\MigrateCommand->handle()
#21 C:\\daakia\\dakia_backend01\\vendor\\laravel\\framework\\src\\Illuminate\\Container\\Util.php(43): Illuminate\\Container\\BoundMethod::Illuminate\\Container\\{closure}()
#22 C:\\daakia\\dakia_backend01\\vendor\\laravel\\framework\\src\\Illuminate\\Container\\BoundMethod.php(96): Illuminate\\Container\\Util::unwrapIfClosure(Object(Closure))
#23 C:\\daakia\\dakia_backend01\\vendor\\laravel\\framework\\src\\Illuminate\\Container\\BoundMethod.php(35): Illuminate\\Container\\BoundMethod::callBoundMethod(Object(Illuminate\\Foundation\\Application), Array, Object(Closure))
#24 C:\\daakia\\dakia_backend01\\vendor\\laravel\\framework\\src\\Illuminate\\Container\\Container.php(754): Illuminate\\Container\\BoundMethod::call(Object(Illuminate\\Foundation\\Application), Array, Array, NULL)
#25 C:\\daakia\\dakia_backend01\\vendor\\laravel\\framework\\src\\Illuminate\\Console\\Command.php(211): Illuminate\\Container\\Container->call(Array)
#26 C:\\daakia\\dakia_backend01\\vendor\\symfony\\console\\Command\\Command.php(318): Illuminate\\Console\\Command->execute(Object(Symfony\\Component\\Console\\Input\\ArgvInput), Object(Illuminate\\Console\\OutputStyle))
#27 C:\\daakia\\dakia_backend01\\vendor\\laravel\\framework\\src\\Illuminate\\Console\\Command.php(180): Symfony\\Component\\Console\\Command\\Command->run(Object(Symfony\\Component\\Console\\Input\\ArgvInput), Object(Illuminate\\Console\\OutputStyle))
#28 C:\\daakia\\dakia_backend01\\vendor\\symfony\\console\\Application.php(1092): Illuminate\\Console\\Command->run(Object(Symfony\\Component\\Console\\Input\\ArgvInput), Object(Symfony\\Component\\Console\\Output\\ConsoleOutput))
#29 C:\\daakia\\dakia_backend01\\vendor\\symfony\\console\\Application.php(341): Symfony\\Component\\Console\\Application->doRunCommand(Object(Illuminate\\Database\\Console\\Migrations\\MigrateCommand), Object(Symfony\\Component\\Console\\Input\\ArgvInput), Object(Symfony\\Component\\Console\\Output\\ConsoleOutput))
#30 C:\\daakia\\dakia_backend01\\vendor\\symfony\\console\\Application.php(192): Symfony\\Component\\Console\\Application->doRun(Object(Symfony\\Component\\Console\\Input\\ArgvInput), Object(Symfony\\Component\\Console\\Output\\ConsoleOutput))
#31 C:\\daakia\\dakia_backend01\\vendor\\laravel\\framework\\src\\Illuminate\\Foundation\\Console\\Kernel.php(197): Symfony\\Component\\Console\\Application->run(Object(Symfony\\Component\\Console\\Input\\ArgvInput), Object(Symfony\\Component\\Console\\Output\\ConsoleOutput))
#32 C:\\daakia\\dakia_backend01\\vendor\\laravel\\framework\\src\\Illuminate\\Foundation\\Application.php(1234): Illuminate\\Foundation\\Console\\Kernel->handle(Object(Symfony\\Component\\Console\\Input\\ArgvInput), Object(Symfony\\Component\\Console\\Output\\ConsoleOutput))
#33 C:\\daakia\\dakia_backend01\\artisan(16): Illuminate\\Foundation\\Application->handleCommand(Object(Symfony\\Component\\Console\\Input\\ArgvInput))
#34 {main}

[previous exception] [object] (PDOException(code: HY000): SQLSTATE[HY000]: General error: 1 table \"services\" has more than one primary key at C:\\daakia\\dakia_backend01\\vendor\\laravel\\framework\\src\\Illuminate\\Database\\Connection.php:562)
[stacktrace]
#0 C:\\daakia\\dakia_backend01\\vendor\\laravel\\framework\\src\\Illuminate\\Database\\Connection.php(562): PDO->prepare('create table \"s...')
#1 C:\\daakia\\dakia_backend01\\vendor\\laravel\\framework\\src\\Illuminate\\Database\\Connection.php(809): Illuminate\\Database\\Connection->Illuminate\\Database\\{closure}('create table \"s...', Array)
#2 C:\\daakia\\dakia_backend01\\vendor\\laravel\\framework\\src\\Illuminate\\Database\\Connection.php(776): Illuminate\\Database\\Connection->runQueryCallback('create table \"s...', Array, Object(Closure))
#3 C:\\daakia\\dakia_backend01\\vendor\\laravel\\framework\\src\\Illuminate\\Database\\Connection.php(557): Illuminate\\Database\\Connection->run('create table \"s...', Array, Object(Closure))
#4 C:\\daakia\\dakia_backend01\\vendor\\laravel\\framework\\src\\Illuminate\\Database\\Schema\\Blueprint.php(119): Illuminate\\Database\\Connection->statement('create table \"s...')
#5 C:\\daakia\\dakia_backend01\\vendor\\laravel\\framework\\src\\Illuminate\\Database\\Schema\\Builder.php(618): Illuminate\\Database\\Schema\\Blueprint->build()
#6 C:\\daakia\\dakia_backend01\\vendor\\laravel\\framework\\src\\Illuminate\\Database\\Schema\\Builder.php(472): Illuminate\\Database\\Schema\\Builder->build(Object(Illuminate\\Database\\Schema\\Blueprint))
#7 C:\\daakia\\dakia_backend01\\vendor\\laravel\\framework\\src\\Illuminate\\Support\\Facades\\Facade.php(361): Illuminate\\Database\\Schema\\Builder->create('services', Object(Closure))
#8 C:\\daakia\\dakia_backend01\\database\\migrations\\2025_10_18_073227_create_services_table.php(14): Illuminate\\Support\\Facades\\Facade::__callStatic('create', Array)
#9 C:\\daakia\\dakia_backend01\\vendor\\laravel\\framework\\src\\Illuminate\\Database\\Migrations\\Migrator.php(514): Illuminate\\Database\\Migrations\\Migration@anonymous->up()
#10 C:\\daakia\\dakia_backend01\\vendor\\laravel\\framework\\src\\Illuminate\\Database\\Migrations\\Migrator.php(439): Illuminate\\Database\\Migrations\\Migrator->runMethod(Object(Illuminate\\Database\\SQLiteConnection), Object(Illuminate\\Database\\Migrations\\Migration@anonymous), 'up')
#11 C:\\daakia\\dakia_backend01\\vendor\\laravel\\framework\\src\\Illuminate\\Database\\Migrations\\Migrator.php(448): Illuminate\\Database\\Migrations\\Migrator->Illuminate\\Database\\Migrations\\{closure}()
#12 C:\\daakia\\dakia_backend01\\vendor\\laravel\\framework\\src\\Illuminate\\Database\\Migrations\\Migrator.php(250): Illuminate\\Database\\Migrations\\Migrator->runMigration(Object(Illuminate\\Database\\Migrations\\Migration@anonymous), 'up')
#13 C:\\daakia\\dakia_backend01\\vendor\\laravel\\framework\\src\\Illuminate\\Console\\View\\Components\\Task.php(41): Illuminate\\Database\\Migrations\\Migrator->Illuminate\\Database\\Migrations\\{closure}()
#14 C:\\daakia\\dakia_backend01\\vendor\\laravel\\framework\\src\\Illuminate\\Database\\Migrations\\Migrator.php(805): Illuminate\\Console\\View\\Components\\Task->render('2025_10_18_0732...', Object(Closure))
#15 C:\\daakia\\dakia_backend01\\vendor\\laravel\\framework\\src\\Illuminate\\Database\\Migrations\\Migrator.php(250): Illuminate\\Database\\Migrations\\Migrator->write('Illuminate\\\\Cons...', '2025_10_18_0732...', Object(Closure))
#16 C:\\daakia\\dakia_backend01\\vendor\\laravel\\framework\\src\\Illuminate\\Database\\Migrations\\Migrator.php(210): Illuminate\\Database\\Migrations\\Migrator->runUp('C:\\\\daakia\\\\dakia...', 2, false)
#17 C:\\daakia\\dakia_backend01\\vendor\\laravel\\framework\\src\\Illuminate\\Database\\Migrations\\Migrator.php(137): Illuminate\\Database\\Migrations\\Migrator->runPending(Array, Array)
#18 C:\\daakia\\dakia_backend01\\vendor\\laravel\\framework\\src\\Illuminate\\Database\\Console\\Migrations\\MigrateCommand.php(116): Illuminate\\Database\\Migrations\\Migrator->run(Array, Array)
#19 C:\\daakia\\dakia_backend01\\vendor\\laravel\\framework\\src\\Illuminate\\Database\\Migrations\\Migrator.php(665): Illuminate\\Database\\Console\\Migrations\\MigrateCommand->Illuminate\\Database\\Console\\Migrations\\{closure}()
#20 C:\\daakia\\dakia_backend01\\vendor\\laravel\\framework\\src\\Illuminate\\Database\\Console\\Migrations\\MigrateCommand.php(109): Illuminate\\Database\\Migrations\\Migrator->usingConnection(NULL, Object(Closure))
#21 C:\\daakia\\dakia_backend01\\vendor\\laravel\\framework\\src\\Illuminate\\Database\\Console\\Migrations\\MigrateCommand.php(88): Illuminate\\Database\\Console\\Migrations\\MigrateCommand->runMigrations()
#22 C:\\daakia\\dakia_backend01\\vendor\\laravel\\framework\\src\\Illuminate\\Container\\BoundMethod.php(36): Illuminate\\Database\\Console\\Migrations\\MigrateCommand->handle()
#23 C:\\daakia\\dakia_backend01\\vendor\\laravel\\framework\\src\\Illuminate\\Container\\Util.php(43): Illuminate\\Container\\BoundMethod::Illuminate\\Container\\{closure}()
#24 C:\\daakia\\dakia_backend01\\vendor\\laravel\\framework\\src\\Illuminate\\Container\\BoundMethod.php(96): Illuminate\\Container\\Util::unwrapIfClosure(Object(Closure))
#25 C:\\daakia\\dakia_backend01\\vendor\\laravel\\framework\\src\\Illuminate\\Container\\BoundMethod.php(35): Illuminate\\Container\\BoundMethod::callBoundMethod(Object(Illuminate\\Foundation\\Application), Array, Object(Closure))
#26 C:\\daakia\\dakia_backend01\\vendor\\laravel\\framework\\src\\Illuminate\\Container\\Container.php(754): Illuminate\\Container\\BoundMethod::call(Object(Illuminate\\Foundation\\Application), Array, Array, NULL)
#27 C:\\daakia\\dakia_backend01\\vendor\\laravel\\framework\\src\\Illuminate\\Console\\Command.php(211): Illuminate\\Container\\Container->call(Array)
#28 C:\\daakia\\dakia_backend01\\vendor\\symfony\\console\\Command\\Command.php(318): Illuminate\\Console\\Command->execute(Object(Symfony\\Component\\Console\\Input\\ArgvInput), Object(Illuminate\\Console\\OutputStyle))
#29 C:\\daakia\\dakia_backend01\\vendor\\laravel\\framework\\src\\Illuminate\\Console\\Command.php(180): Symfony\\Component\\Console\\Command\\Command->run(Object(Symfony\\Component\\Console\\Input\\ArgvInput), Object(Illuminate\\Console\\OutputStyle))
#30 C:\\daakia\\dakia_backend01\\vendor\\symfony\\console\\Application.php(1092): Illuminate\\Console\\Command->run(Object(Symfony\\Component\\Console\\Input\\ArgvInput), Object(Symfony\\Component\\Console\\Output\\ConsoleOutput))
#31 C:\\daakia\\dakia_backend01\\vendor\\symfony\\console\\Application.php(341): Symfony\\Component\\Console\\Application->doRunCommand(Object(Illuminate\\Database\\Console\\Migrations\\MigrateCommand), Object(Symfony\\Component\\Console\\Input\\ArgvInput), Object(Symfony\\Component\\Console\\Output\\ConsoleOutput))
#32 C:\\daakia\\dakia_backend01\\vendor\\symfony\\console\\Application.php(192): Symfony\\Component\\Console\\Application->doRun(Object(Symfony\\Component\\Console\\Input\\ArgvInput), Object(Symfony\\Component\\Console\\Output\\ConsoleOutput))
#33 C:\\daakia\\dakia_backend01\\vendor\\laravel\\framework\\src\\Illuminate\\Foundation\\Console\\Kernel.php(197): Symfony\\Component\\Console\\Application->run(Object(Symfony\\Component\\Console\\Input\\ArgvInput), Object(Symfony\\Component\\Console\\Output\\ConsoleOutput))
#34 C:\\daakia\\dakia_backend01\\vendor\\laravel\\framework\\src\\Illuminate\\Foundation\\Application.php(1234): Illuminate\\Foundation\\Console\\Kernel->handle(Object(Symfony\\Component\\Console\\Input\\ArgvInput), Object(Symfony\\Component\\Console\\Output\\ConsoleOutput))
#35 C:\\daakia\\dakia_backend01\\artisan(16): Illuminate\\Foundation\\Application->handleCommand(Object(Symfony\\Component\\Console\\Input\\ArgvInput))
#36 {main}
"} 
[2025-10-18 07:35:32] local.ERROR: SQLSTATE[HY000]: General error: 1 table "countries" has more than one primary key (Connection: sqlite, SQL: create table "countries" ("id" integer primary key autoincrement not null, "iso" varchar not null, "name" varchar, "region" varchar, "postcode_required" varchar check ("postcode_required" in ('YES', 'NO')) not null default 'YES', "type" varchar, "region_collection" varchar, "numcode" integer primary key autoincrement, "allow_express" varchar, "allow_classic" varchar, "eu_country" varchar, "shipping_advice" varchar, "is_vatable" varchar check ("is_vatable" in ('YES', 'NO')) not null default 'NO', "vat_rate" numeric, "printable_name" varchar not null, "iso3" varchar, "export_flag" integer, "timezone_difference" integer, "has_postcodeq" varchar not null, "has_subzonesq" varchar not null, "orderq" integer primary key autoincrement not null, "active" integer primary key autoincrement not null default '1', "deletedq" varchar not null default 'N', "added_on" datetime not null, "added_by" varchar not null, "changed_on" datetime not null, "changed_by" varchar not null, "vat_charged_flag" integer, "customs_flag" integer, "description" text, "created_at" datetime, "updated_at" datetime)) {"exception":"[object] (Illuminate\\Database\\QueryException(code: HY000): SQLSTATE[HY000]: General error: 1 table \"countries\" has more than one primary key (Connection: sqlite, SQL: create table \"countries\" (\"id\" integer primary key autoincrement not null, \"iso\" varchar not null, \"name\" varchar, \"region\" varchar, \"postcode_required\" varchar check (\"postcode_required\" in ('YES', 'NO')) not null default 'YES', \"type\" varchar, \"region_collection\" varchar, \"numcode\" integer primary key autoincrement, \"allow_express\" varchar, \"allow_classic\" varchar, \"eu_country\" varchar, \"shipping_advice\" varchar, \"is_vatable\" varchar check (\"is_vatable\" in ('YES', 'NO')) not null default 'NO', \"vat_rate\" numeric, \"printable_name\" varchar not null, \"iso3\" varchar, \"export_flag\" integer, \"timezone_difference\" integer, \"has_postcodeq\" varchar not null, \"has_subzonesq\" varchar not null, \"orderq\" integer primary key autoincrement not null, \"active\" integer primary key autoincrement not null default '1', \"deletedq\" varchar not null default 'N', \"added_on\" datetime not null, \"added_by\" varchar not null, \"changed_on\" datetime not null, \"changed_by\" varchar not null, \"vat_charged_flag\" integer, \"customs_flag\" integer, \"description\" text, \"created_at\" datetime, \"updated_at\" datetime)) at C:\\daakia\\dakia_backend01\\vendor\\laravel\\framework\\src\\Illuminate\\Database\\Connection.php:822)
[stacktrace]
#0 C:\\daakia\\dakia_backend01\\vendor\\laravel\\framework\\src\\Illuminate\\Database\\Connection.php(776): Illuminate\\Database\\Connection->runQueryCallback('create table \"c...', Array, Object(Closure))
#1 C:\\daakia\\dakia_backend01\\vendor\\laravel\\framework\\src\\Illuminate\\Database\\Connection.php(557): Illuminate\\Database\\Connection->run('create table \"c...', Array, Object(Closure))
#2 C:\\daakia\\dakia_backend01\\vendor\\laravel\\framework\\src\\Illuminate\\Database\\Schema\\Blueprint.php(119): Illuminate\\Database\\Connection->statement('create table \"c...')
#3 C:\\daakia\\dakia_backend01\\vendor\\laravel\\framework\\src\\Illuminate\\Database\\Schema\\Builder.php(618): Illuminate\\Database\\Schema\\Blueprint->build()
#4 C:\\daakia\\dakia_backend01\\vendor\\laravel\\framework\\src\\Illuminate\\Database\\Schema\\Builder.php(472): Illuminate\\Database\\Schema\\Builder->build(Object(Illuminate\\Database\\Schema\\Blueprint))
#5 C:\\daakia\\dakia_backend01\\vendor\\laravel\\framework\\src\\Illuminate\\Support\\Facades\\Facade.php(361): Illuminate\\Database\\Schema\\Builder->create('countries', Object(Closure))
#6 C:\\daakia\\dakia_backend01\\database\\migrations\\2025_10_18_073234_create_countries_table.php(14): Illuminate\\Support\\Facades\\Facade::__callStatic('create', Array)
#7 C:\\daakia\\dakia_backend01\\vendor\\laravel\\framework\\src\\Illuminate\\Database\\Migrations\\Migrator.php(514): Illuminate\\Database\\Migrations\\Migration@anonymous->up()
#8 C:\\daakia\\dakia_backend01\\vendor\\laravel\\framework\\src\\Illuminate\\Database\\Migrations\\Migrator.php(439): Illuminate\\Database\\Migrations\\Migrator->runMethod(Object(Illuminate\\Database\\SQLiteConnection), Object(Illuminate\\Database\\Migrations\\Migration@anonymous), 'up')
#9 C:\\daakia\\dakia_backend01\\vendor\\laravel\\framework\\src\\Illuminate\\Database\\Migrations\\Migrator.php(448): Illuminate\\Database\\Migrations\\Migrator->Illuminate\\Database\\Migrations\\{closure}()
#10 C:\\daakia\\dakia_backend01\\vendor\\laravel\\framework\\src\\Illuminate\\Database\\Migrations\\Migrator.php(250): Illuminate\\Database\\Migrations\\Migrator->runMigration(Object(Illuminate\\Database\\Migrations\\Migration@anonymous), 'up')
#11 C:\\daakia\\dakia_backend01\\vendor\\laravel\\framework\\src\\Illuminate\\Console\\View\\Components\\Task.php(41): Illuminate\\Database\\Migrations\\Migrator->Illuminate\\Database\\Migrations\\{closure}()
#12 C:\\daakia\\dakia_backend01\\vendor\\laravel\\framework\\src\\Illuminate\\Database\\Migrations\\Migrator.php(805): Illuminate\\Console\\View\\Components\\Task->render('2025_10_18_0732...', Object(Closure))
#13 C:\\daakia\\dakia_backend01\\vendor\\laravel\\framework\\src\\Illuminate\\Database\\Migrations\\Migrator.php(250): Illuminate\\Database\\Migrations\\Migrator->write('Illuminate\\\\Cons...', '2025_10_18_0732...', Object(Closure))
#14 C:\\daakia\\dakia_backend01\\vendor\\laravel\\framework\\src\\Illuminate\\Database\\Migrations\\Migrator.php(210): Illuminate\\Database\\Migrations\\Migrator->runUp('C:\\\\daakia\\\\dakia...', 3, false)
#15 C:\\daakia\\dakia_backend01\\vendor\\laravel\\framework\\src\\Illuminate\\Database\\Migrations\\Migrator.php(137): Illuminate\\Database\\Migrations\\Migrator->runPending(Array, Array)
#16 C:\\daakia\\dakia_backend01\\vendor\\laravel\\framework\\src\\Illuminate\\Database\\Console\\Migrations\\MigrateCommand.php(116): Illuminate\\Database\\Migrations\\Migrator->run(Array, Array)
#17 C:\\daakia\\dakia_backend01\\vendor\\laravel\\framework\\src\\Illuminate\\Database\\Migrations\\Migrator.php(665): Illuminate\\Database\\Console\\Migrations\\MigrateCommand->Illuminate\\Database\\Console\\Migrations\\{closure}()
#18 C:\\daakia\\dakia_backend01\\vendor\\laravel\\framework\\src\\Illuminate\\Database\\Console\\Migrations\\MigrateCommand.php(109): Illuminate\\Database\\Migrations\\Migrator->usingConnection(NULL, Object(Closure))
#19 C:\\daakia\\dakia_backend01\\vendor\\laravel\\framework\\src\\Illuminate\\Database\\Console\\Migrations\\MigrateCommand.php(88): Illuminate\\Database\\Console\\Migrations\\MigrateCommand->runMigrations()
#20 C:\\daakia\\dakia_backend01\\vendor\\laravel\\framework\\src\\Illuminate\\Container\\BoundMethod.php(36): Illuminate\\Database\\Console\\Migrations\\MigrateCommand->handle()
#21 C:\\daakia\\dakia_backend01\\vendor\\laravel\\framework\\src\\Illuminate\\Container\\Util.php(43): Illuminate\\Container\\BoundMethod::Illuminate\\Container\\{closure}()
#22 C:\\daakia\\dakia_backend01\\vendor\\laravel\\framework\\src\\Illuminate\\Container\\BoundMethod.php(96): Illuminate\\Container\\Util::unwrapIfClosure(Object(Closure))
#23 C:\\daakia\\dakia_backend01\\vendor\\laravel\\framework\\src\\Illuminate\\Container\\BoundMethod.php(35): Illuminate\\Container\\BoundMethod::callBoundMethod(Object(Illuminate\\Foundation\\Application), Array, Object(Closure))
#24 C:\\daakia\\dakia_backend01\\vendor\\laravel\\framework\\src\\Illuminate\\Container\\Container.php(754): Illuminate\\Container\\BoundMethod::call(Object(Illuminate\\Foundation\\Application), Array, Array, NULL)
#25 C:\\daakia\\dakia_backend01\\vendor\\laravel\\framework\\src\\Illuminate\\Console\\Command.php(211): Illuminate\\Container\\Container->call(Array)
#26 C:\\daakia\\dakia_backend01\\vendor\\symfony\\console\\Command\\Command.php(318): Illuminate\\Console\\Command->execute(Object(Symfony\\Component\\Console\\Input\\ArgvInput), Object(Illuminate\\Console\\OutputStyle))
#27 C:\\daakia\\dakia_backend01\\vendor\\laravel\\framework\\src\\Illuminate\\Console\\Command.php(180): Symfony\\Component\\Console\\Command\\Command->run(Object(Symfony\\Component\\Console\\Input\\ArgvInput), Object(Illuminate\\Console\\OutputStyle))
#28 C:\\daakia\\dakia_backend01\\vendor\\symfony\\console\\Application.php(1092): Illuminate\\Console\\Command->run(Object(Symfony\\Component\\Console\\Input\\ArgvInput), Object(Symfony\\Component\\Console\\Output\\ConsoleOutput))
#29 C:\\daakia\\dakia_backend01\\vendor\\symfony\\console\\Application.php(341): Symfony\\Component\\Console\\Application->doRunCommand(Object(Illuminate\\Database\\Console\\Migrations\\MigrateCommand), Object(Symfony\\Component\\Console\\Input\\ArgvInput), Object(Symfony\\Component\\Console\\Output\\ConsoleOutput))
#30 C:\\daakia\\dakia_backend01\\vendor\\symfony\\console\\Application.php(192): Symfony\\Component\\Console\\Application->doRun(Object(Symfony\\Component\\Console\\Input\\ArgvInput), Object(Symfony\\Component\\Console\\Output\\ConsoleOutput))
#31 C:\\daakia\\dakia_backend01\\vendor\\laravel\\framework\\src\\Illuminate\\Foundation\\Console\\Kernel.php(197): Symfony\\Component\\Console\\Application->run(Object(Symfony\\Component\\Console\\Input\\ArgvInput), Object(Symfony\\Component\\Console\\Output\\ConsoleOutput))
#32 C:\\daakia\\dakia_backend01\\vendor\\laravel\\framework\\src\\Illuminate\\Foundation\\Application.php(1234): Illuminate\\Foundation\\Console\\Kernel->handle(Object(Symfony\\Component\\Console\\Input\\ArgvInput), Object(Symfony\\Component\\Console\\Output\\ConsoleOutput))
#33 C:\\daakia\\dakia_backend01\\artisan(16): Illuminate\\Foundation\\Application->handleCommand(Object(Symfony\\Component\\Console\\Input\\ArgvInput))
#34 {main}

[previous exception] [object] (PDOException(code: HY000): SQLSTATE[HY000]: General error: 1 table \"countries\" has more than one primary key at C:\\daakia\\dakia_backend01\\vendor\\laravel\\framework\\src\\Illuminate\\Database\\Connection.php:562)
[stacktrace]
#0 C:\\daakia\\dakia_backend01\\vendor\\laravel\\framework\\src\\Illuminate\\Database\\Connection.php(562): PDO->prepare('create table \"c...')
#1 C:\\daakia\\dakia_backend01\\vendor\\laravel\\framework\\src\\Illuminate\\Database\\Connection.php(809): Illuminate\\Database\\Connection->Illuminate\\Database\\{closure}('create table \"c...', Array)
#2 C:\\daakia\\dakia_backend01\\vendor\\laravel\\framework\\src\\Illuminate\\Database\\Connection.php(776): Illuminate\\Database\\Connection->runQueryCallback('create table \"c...', Array, Object(Closure))
#3 C:\\daakia\\dakia_backend01\\vendor\\laravel\\framework\\src\\Illuminate\\Database\\Connection.php(557): Illuminate\\Database\\Connection->run('create table \"c...', Array, Object(Closure))
#4 C:\\daakia\\dakia_backend01\\vendor\\laravel\\framework\\src\\Illuminate\\Database\\Schema\\Blueprint.php(119): Illuminate\\Database\\Connection->statement('create table \"c...')
#5 C:\\daakia\\dakia_backend01\\vendor\\laravel\\framework\\src\\Illuminate\\Database\\Schema\\Builder.php(618): Illuminate\\Database\\Schema\\Blueprint->build()
#6 C:\\daakia\\dakia_backend01\\vendor\\laravel\\framework\\src\\Illuminate\\Database\\Schema\\Builder.php(472): Illuminate\\Database\\Schema\\Builder->build(Object(Illuminate\\Database\\Schema\\Blueprint))
#7 C:\\daakia\\dakia_backend01\\vendor\\laravel\\framework\\src\\Illuminate\\Support\\Facades\\Facade.php(361): Illuminate\\Database\\Schema\\Builder->create('countries', Object(Closure))
#8 C:\\daakia\\dakia_backend01\\database\\migrations\\2025_10_18_073234_create_countries_table.php(14): Illuminate\\Support\\Facades\\Facade::__callStatic('create', Array)
#9 C:\\daakia\\dakia_backend01\\vendor\\laravel\\framework\\src\\Illuminate\\Database\\Migrations\\Migrator.php(514): Illuminate\\Database\\Migrations\\Migration@anonymous->up()
#10 C:\\daakia\\dakia_backend01\\vendor\\laravel\\framework\\src\\Illuminate\\Database\\Migrations\\Migrator.php(439): Illuminate\\Database\\Migrations\\Migrator->runMethod(Object(Illuminate\\Database\\SQLiteConnection), Object(Illuminate\\Database\\Migrations\\Migration@anonymous), 'up')
#11 C:\\daakia\\dakia_backend01\\vendor\\laravel\\framework\\src\\Illuminate\\Database\\Migrations\\Migrator.php(448): Illuminate\\Database\\Migrations\\Migrator->Illuminate\\Database\\Migrations\\{closure}()
#12 C:\\daakia\\dakia_backend01\\vendor\\laravel\\framework\\src\\Illuminate\\Database\\Migrations\\Migrator.php(250): Illuminate\\Database\\Migrations\\Migrator->runMigration(Object(Illuminate\\Database\\Migrations\\Migration@anonymous), 'up')
#13 C:\\daakia\\dakia_backend01\\vendor\\laravel\\framework\\src\\Illuminate\\Console\\View\\Components\\Task.php(41): Illuminate\\Database\\Migrations\\Migrator->Illuminate\\Database\\Migrations\\{closure}()
#14 C:\\daakia\\dakia_backend01\\vendor\\laravel\\framework\\src\\Illuminate\\Database\\Migrations\\Migrator.php(805): Illuminate\\Console\\View\\Components\\Task->render('2025_10_18_0732...', Object(Closure))
#15 C:\\daakia\\dakia_backend01\\vendor\\laravel\\framework\\src\\Illuminate\\Database\\Migrations\\Migrator.php(250): Illuminate\\Database\\Migrations\\Migrator->write('Illuminate\\\\Cons...', '2025_10_18_0732...', Object(Closure))
#16 C:\\daakia\\dakia_backend01\\vendor\\laravel\\framework\\src\\Illuminate\\Database\\Migrations\\Migrator.php(210): Illuminate\\Database\\Migrations\\Migrator->runUp('C:\\\\daakia\\\\dakia...', 3, false)
#17 C:\\daakia\\dakia_backend01\\vendor\\laravel\\framework\\src\\Illuminate\\Database\\Migrations\\Migrator.php(137): Illuminate\\Database\\Migrations\\Migrator->runPending(Array, Array)
#18 C:\\daakia\\dakia_backend01\\vendor\\laravel\\framework\\src\\Illuminate\\Database\\Console\\Migrations\\MigrateCommand.php(116): Illuminate\\Database\\Migrations\\Migrator->run(Array, Array)
#19 C:\\daakia\\dakia_backend01\\vendor\\laravel\\framework\\src\\Illuminate\\Database\\Migrations\\Migrator.php(665): Illuminate\\Database\\Console\\Migrations\\MigrateCommand->Illuminate\\Database\\Console\\Migrations\\{closure}()
#20 C:\\daakia\\dakia_backend01\\vendor\\laravel\\framework\\src\\Illuminate\\Database\\Console\\Migrations\\MigrateCommand.php(109): Illuminate\\Database\\Migrations\\Migrator->usingConnection(NULL, Object(Closure))
#21 C:\\daakia\\dakia_backend01\\vendor\\laravel\\framework\\src\\Illuminate\\Database\\Console\\Migrations\\MigrateCommand.php(88): Illuminate\\Database\\Console\\Migrations\\MigrateCommand->runMigrations()
#22 C:\\daakia\\dakia_backend01\\vendor\\laravel\\framework\\src\\Illuminate\\Container\\BoundMethod.php(36): Illuminate\\Database\\Console\\Migrations\\MigrateCommand->handle()
#23 C:\\daakia\\dakia_backend01\\vendor\\laravel\\framework\\src\\Illuminate\\Container\\Util.php(43): Illuminate\\Container\\BoundMethod::Illuminate\\Container\\{closure}()
#24 C:\\daakia\\dakia_backend01\\vendor\\laravel\\framework\\src\\Illuminate\\Container\\BoundMethod.php(96): Illuminate\\Container\\Util::unwrapIfClosure(Object(Closure))
#25 C:\\daakia\\dakia_backend01\\vendor\\laravel\\framework\\src\\Illuminate\\Container\\BoundMethod.php(35): Illuminate\\Container\\BoundMethod::callBoundMethod(Object(Illuminate\\Foundation\\Application), Array, Object(Closure))
#26 C:\\daakia\\dakia_backend01\\vendor\\laravel\\framework\\src\\Illuminate\\Container\\Container.php(754): Illuminate\\Container\\BoundMethod::call(Object(Illuminate\\Foundation\\Application), Array, Array, NULL)
#27 C:\\daakia\\dakia_backend01\\vendor\\laravel\\framework\\src\\Illuminate\\Console\\Command.php(211): Illuminate\\Container\\Container->call(Array)
#28 C:\\daakia\\dakia_backend01\\vendor\\symfony\\console\\Command\\Command.php(318): Illuminate\\Console\\Command->execute(Object(Symfony\\Component\\Console\\Input\\ArgvInput), Object(Illuminate\\Console\\OutputStyle))
#29 C:\\daakia\\dakia_backend01\\vendor\\laravel\\framework\\src\\Illuminate\\Console\\Command.php(180): Symfony\\Component\\Console\\Command\\Command->run(Object(Symfony\\Component\\Console\\Input\\ArgvInput), Object(Illuminate\\Console\\OutputStyle))
#30 C:\\daakia\\dakia_backend01\\vendor\\symfony\\console\\Application.php(1092): Illuminate\\Console\\Command->run(Object(Symfony\\Component\\Console\\Input\\ArgvInput), Object(Symfony\\Component\\Console\\Output\\ConsoleOutput))
#31 C:\\daakia\\dakia_backend01\\vendor\\symfony\\console\\Application.php(341): Symfony\\Component\\Console\\Application->doRunCommand(Object(Illuminate\\Database\\Console\\Migrations\\MigrateCommand), Object(Symfony\\Component\\Console\\Input\\ArgvInput), Object(Symfony\\Component\\Console\\Output\\ConsoleOutput))
#32 C:\\daakia\\dakia_backend01\\vendor\\symfony\\console\\Application.php(192): Symfony\\Component\\Console\\Application->doRun(Object(Symfony\\Component\\Console\\Input\\ArgvInput), Object(Symfony\\Component\\Console\\Output\\ConsoleOutput))
#33 C:\\daakia\\dakia_backend01\\vendor\\laravel\\framework\\src\\Illuminate\\Foundation\\Console\\Kernel.php(197): Symfony\\Component\\Console\\Application->run(Object(Symfony\\Component\\Console\\Input\\ArgvInput), Object(Symfony\\Component\\Console\\Output\\ConsoleOutput))
#34 C:\\daakia\\dakia_backend01\\vendor\\laravel\\framework\\src\\Illuminate\\Foundation\\Application.php(1234): Illuminate\\Foundation\\Console\\Kernel->handle(Object(Symfony\\Component\\Console\\Input\\ArgvInput), Object(Symfony\\Component\\Console\\Output\\ConsoleOutput))
#35 C:\\daakia\\dakia_backend01\\artisan(16): Illuminate\\Foundation\\Application->handleCommand(Object(Symfony\\Component\\Console\\Input\\ArgvInput))
#36 {main}
"} 
